// Jest Snapshot v1, https://goo.gl/fbAQLP

exports[`App page should render 1`] = `ShallowWrapper {}`;
