// Jest Snapshot v1, https://goo.gl/fbAQLP

exports[`Homepage page should render 1`] = `ShallowWrapper {}`;
