// Jest Snapshot v1, https://goo.gl/fbAQLP

exports[`Toast component should render Toast with string messages 1`] = `ShallowWrapper {}`;
