// Jest Snapshot v1, https://goo.gl/fbAQLP

exports[`LoadingButton component should render 1`] = `ShallowWrapper {}`;
